BL51 BANKED LINKER/LOCATER V6.22.4.0                                                    01/23/2023  14:39:06  PAGE 1


BL51 BANKED LINKER/LOCATER V6.22.4.0, INVOKED BY:
C:\KEIL_V5\C51\BIN\BL51.EXE .\Objects\test.obj TO .\Objects\test PRINT (.\Listings\test.m51) RAMSIZE (256)


INPUT MODULES INCLUDED:
  .\Objects\test.obj (TEST)


LINK MAP OF MODULE:  .\Objects\test (TEST)


            TYPE    BASE      LENGTH    RELOCATION   SEGMENT NAME
            -----------------------------------------------------

            * * * * * * *   D A T A   M E M O R Y   * * * * * * *
            REG     0000H     0008H     ABSOLUTE     "REG BANK 0"

            * * * * * * *   C O D E   M E M O R Y   * * * * * * *
            CODE    0000H     0113H     ABSOLUTE     



SYMBOL TABLE OF MODULE:  .\Objects\test (TEST)

  VALUE           TYPE          NAME
  ----------------------------------

  -------         MODULE        TEST
  C:010AH         SYMBOL        DELAY
  C:010CH         SYMBOL        DELAY1
  C:010EH         SYMBOL        HERE
  C:0100H         SYMBOL        MAIN
  D:0090H         SYMBOL        P1
  C:0000H         LINE#         2
  C:0100H         LINE#         6
  C:0102H         LINE#         7
  C:0104H         LINE#         8
  C:0106H         LINE#         9
  C:0108H         LINE#         10
  C:010AH         LINE#         16
  C:010CH         LINE#         19
  C:010EH         LINE#         20
  C:0110H         LINE#         21
  C:0112H         LINE#         22
  -------         ENDMOD        TEST

******************************************************************************
* RESTRICTED VERSION WITH 0800H BYTE CODE SIZE LIMIT; USED: 0016H BYTE ( 1%) *
******************************************************************************

Program Size: data=8.0 xdata=0 code=275
LINK/LOCATE RUN COMPLETE.  0 WARNING(S),  0 ERROR(S)
