C51 COMPILER V9.60.7.0   PASSWORD                                                          03/06/2023 14:17:54 PAGE 1   


C51 COMPILER V9.60.7.0, COMPILATION OF MODULE PASSWORD
OBJECT MODULE PLACED IN .\Objects\password.obj
COMPILER INVOKED BY: C:\Keil_v5\C51\BIN\C51.EXE password.c OPTIMIZE(8,SPEED) BROWSE DEBUG OBJECTEXTEND PRINT(.\Listings\
                    -password.lst) TABS(2) OBJECT(.\Objects\password.obj)

line level    source

   1          #include <at89c5131.h>
   2          #include "lcd.h"
   3          
   4          code unsigned char display_msg1[]="ENTER PASSWORD:";
   5          code unsigned char display_msg2[]="CORRECT PASSWORD";       
   6          code unsigned char display_msg3[]="ACCESS GRANTED";
   7          code unsigned char display_msg4[]="WRONG PASSWORD";
   8          code unsigned char display_msg5[]="ACCESS DENIED";
   9          code unsigned char key_code[4][4]={{'1','2','3','A'},{'4','5','6','B'},{'7','8','9','C'},{'*','0','#','D'}
             -};
  10          
  11          
  12          void main(){
  13   1        unsigned char i,j,col,row,key,passcode[8];
  14   1        unsigned char correct_password[8]="15A8*D6#";
  15   1        unsigned int flag=0;
  16   1        P1=0x00;
  17   1        lcd_init();
  18   1        lcd_cmd(0x80);                          
  19   1        msdelay(4);
  20   1        lcd_write_string(display_msg1);
  21   1        for(i=0;i<8;i++){
  22   2          P3=0x0F;
  23   2          while(1){
  24   3            if(P3 != 0x0F){
  25   4              continue;
  26   4            }
  27   3            while(1){
  28   4              if(P3 != 0x0F){
  29   5                break;
  30   5              }
  31   4            }
  32   3            msdelay(20);
  33   3            key=P3;
  34   3            if( P3 == 0x0F){
  35   4              continue;
  36   4            }
  37   3            P3 = 0xEF;
  38   3            for(j=0;j<4;j++){
  39   4              key = P3;
  40   4              key = key&0x0F;
  41   4              if(key != 0x0F){
  42   5                row=j;
  43   5                if(key == 0x07 ){ 
  44   6                  col=0;
  45   6                }
  46   5                if(key == 0x0B){ 
  47   6                  col=1;
  48   6                }
  49   5                if(key == 0x0D){ 
  50   6                  col=2;
  51   6                }
  52   5                if(key == 0x0E){            
  53   6                  col=3;
C51 COMPILER V9.60.7.0   PASSWORD                                                          03/06/2023 14:17:54 PAGE 2   

  54   6                }
  55   5                break;
  56   5              }
  57   4              P3=(P3 << 1)|0x0F;
  58   4             }
  59   3            break;
  60   3           }
  61   2          passcode[i]=key_code[row][col];
  62   2          lcd_cmd(0xC0);
  63   2          msdelay(4);
  64   2          if(i<7){
  65   3            lcd_write_string(passcode);
  66   3          }
  67   2        }
  68   1        for(i=0;i<=7;i++){
  69   2          if(passcode[i]!=correct_password[i]){
  70   3            flag=flag+1;
  71   3          }
  72   2        }
  73   1            
  74   1        if(flag==0){
  75   2          lcd_init();
  76   2          lcd_cmd(0x80);                          
  77   2          msdelay(4);
  78   2          lcd_write_string(display_msg2);
  79   2          lcd_cmd(0xC0);                          
  80   2          msdelay(4);
  81   2          lcd_write_string(display_msg3);
  82   2        }
  83   1        else {
  84   2          lcd_init();
  85   2          lcd_cmd(0x80);                          
  86   2          msdelay(4);
  87   2          lcd_write_string(display_msg4);
  88   2          lcd_cmd(0xC0);                          
  89   2          msdelay(4);
  90   2          lcd_write_string(display_msg5);
  91   2        }
  92   1        while(1);   
  93   1      }


MODULE INFORMATION:   STATIC OVERLAYABLE
   CODE SIZE        =    465    ----
   CONSTANT SIZE    =    101    ----
   XDATA SIZE       =   ----    ----
   PDATA SIZE       =   ----    ----
   DATA SIZE        =   ----      24
   IDATA SIZE       =   ----    ----
   BIT SIZE         =   ----    ----
END OF MODULE INFORMATION.


C51 COMPILATION COMPLETE.  0 WARNING(S),  0 ERROR(S)
